E402 Module level import not at top of file
  --> alembic\env.py:16:1
   |
14 |     fileConfig(config.config_file_name)
15 |
16 | import os
   | ^^^^^^^^^
17 | import sys
   |
help: Move module level imports to top of file

E402 Module level import not at top of file
  --> alembic\env.py:17:1
   |
16 | import os
17 | import sys
   | ^^^^^^^^^^
18 |
19 | # Add the app directory to the path so we can import from it
   |
help: Move module level imports to top of file

E402 Module level import not at top of file
  --> alembic\env.py:22:1
   |
20 | sys.path.insert(0, os.path.dirname(os.path.dirname(__file__)))
21 |
22 | from app.infrastructure.database import DATABASE_URL, Base
   | ^^^^^^^^^^^^^^^^^^^^^^^^^^^^^^^^^^^^^^^^^^^^^^^^^^^^^^^^^^
23 |
24 | # Import models so they are registered with Base.metadata
   |
help: Move module level imports to top of file

UP042 Class RiskLevel inherits from both `str` and `enum.Enum`
 --> app\domain\models.py:7:7
  |
7 | class RiskLevel(str, Enum):
  |       ^^^^^^^^^
8 |     LOW = "LOW"
9 |     MEDIUM = "MEDIUM"
  |
help: Inherit from `enum.StrEnum`

I001 [*] Import block is un-sorted or un-formatted
 --> app\infrastructure\kafka_consumer.py:1:1
  |
1 | import structlog
  | ^^^^^^^^^^^^^^^^
2 | logger = structlog.get_logger(__name__)
3 | import threading
  |
help: Organize imports
  |
1 | import structlog
2 +
3 | logger = structlog.get_logger(__name__)
  |

E402 Module level import not at top of file
 --> app\infrastructure\kafka_consumer.py:3:1
  |
1 | import structlog
2 | logger = structlog.get_logger(__name__)
3 | import threading
  | ^^^^^^^^^^^^^^^^
4 | from decimal import Decimal
  |
help: Move module level imports to top of file

E402 Module level import not at top of file
 --> app\infrastructure\kafka_consumer.py:4:1
  |
2 | logger = structlog.get_logger(__name__)
3 | import threading
4 | from decimal import Decimal
  | ^^^^^^^^^^^^^^^^^^^^^^^^^^^
5 |
6 | from confluent_kafka import Consumer, KafkaError
  |
help: Move module level imports to top of file

E402 Module level import not at top of file
 --> app\infrastructure\kafka_consumer.py:6:1
  |
4 | from decimal import Decimal
5 |
6 | from confluent_kafka import Consumer, KafkaError
  | ^^^^^^^^^^^^^^^^^^^^^^^^^^^^^^^^^^^^^^^^^^^^^^^^
7 | from sqlalchemy.exc import IntegrityError
8 | from sqlalchemy.orm import Session
  |
help: Move module level imports to top of file

E402 Module level import not at top of file
 --> app\infrastructure\kafka_consumer.py:7:1
  |
6 | from confluent_kafka import Consumer, KafkaError
7 | from sqlalchemy.exc import IntegrityError
  | ^^^^^^^^^^^^^^^^^^^^^^^^^^^^^^^^^^^^^^^^^
8 | from sqlalchemy.orm import Session
  |
help: Move module level imports to top of file

E402 Module level import not at top of file
  --> app\infrastructure\kafka_consumer.py:8:1
   |
 6 | from confluent_kafka import Consumer, KafkaError
 7 | from sqlalchemy.exc import IntegrityError
 8 | from sqlalchemy.orm import Session
   | ^^^^^^^^^^^^^^^^^^^^^^^^^^^^^^^^^^
 9 |
10 | from ..application.events import EventEnvelope
   |
help: Move module level imports to top of file

E402 Module level import not at top of file
  --> app\infrastructure\kafka_consumer.py:10:1
   |
 8 | from sqlalchemy.orm import Session
 9 |
10 | from ..application.events import EventEnvelope
   | ^^^^^^^^^^^^^^^^^^^^^^^^^^^^^^^^^^^^^^^^^^^^^^
11 | from ..domain.rules import RuleEngine
12 | from .database import SessionLocal
   |
help: Move module level imports to top of file

E402 Module level import not at top of file
  --> app\infrastructure\kafka_consumer.py:11:1
   |
10 | from ..application.events import EventEnvelope
11 | from ..domain.rules import RuleEngine
   | ^^^^^^^^^^^^^^^^^^^^^^^^^^^^^^^^^^^^^
12 | from .database import SessionLocal
13 | from .models import FraudAssessmentModel, ProcessedEventModel
   |
help: Move module level imports to top of file

E402 Module level import not at top of file
  --> app\infrastructure\kafka_consumer.py:12:1
   |
10 | from ..application.events import EventEnvelope
11 | from ..domain.rules import RuleEngine
12 | from .database import SessionLocal
   | ^^^^^^^^^^^^^^^^^^^^^^^^^^^^^^^^^^
13 | from .models import FraudAssessmentModel, ProcessedEventModel
14 | from .outbox import add_outbox_event
   |
help: Move module level imports to top of file

E402 Module level import not at top of file
  --> app\infrastructure\kafka_consumer.py:13:1
   |
11 | from ..domain.rules import RuleEngine
12 | from .database import SessionLocal
13 | from .models import FraudAssessmentModel, ProcessedEventModel
   | ^^^^^^^^^^^^^^^^^^^^^^^^^^^^^^^^^^^^^^^^^^^^^^^^^^^^^^^^^^^^^
14 | from .outbox import add_outbox_event
   |
help: Move module level imports to top of file

E402 Module level import not at top of file
  --> app\infrastructure\kafka_consumer.py:14:1
   |
12 | from .database import SessionLocal
13 | from .models import FraudAssessmentModel, ProcessedEventModel
14 | from .outbox import add_outbox_event
   | ^^^^^^^^^^^^^^^^^^^^^^^^^^^^^^^^^^^^
15 |
16 | logger = logging.getLogger(__name__)
   |
help: Move module level imports to top of file

F821 Undefined name `logging`
  --> app\infrastructure\kafka_consumer.py:16:10
   |
14 | from .outbox import add_outbox_event
15 |
16 | logger = logging.getLogger(__name__)
   |          ^^^^^^^

E501 Line too long (89 > 88)
  --> app\infrastructure\kafka_consumer.py:49:89
   |
47 |             db.rollback()
48 |             logger.info(
49 |                 f"Event {event_id} already processed by group {self.group_id}. Skipping."
   |                                                                                         ^
50 |             )
51 |             return
   |

E501 Line too long (90 > 88)
  --> app\infrastructure\kafka_consumer.py:57:89
   |
55 |         amount = Decimal(str(payload.get("amount", 0)))
56 |
57 |         assessment = self.rule_engine.evaluate(str(event_id), str(transaction_id), amount)
   |                                                                                         ^^
58 |
59 |         db_assessment = FraudAssessmentModel(
   |

F821 Undefined name `json`
   --> app\infrastructure\kafka_consumer.py:103:30
    |
102 |             try:
103 |                 event_data = json.loads(msg.value().decode("utf-8"))
    |                              ^^^^
104 |                 with SessionLocal() as db:
105 |                     self.process_event(db, event_data)
    |

E501 Line too long (90 > 88)
  --> app\infrastructure\models.py:13:89
   |
12 |     assessment_id: Mapped[str] = mapped_column(String, primary_key=True, index=True)
13 |     event_id: Mapped[str] = mapped_column(String, unique=True, index=True, nullable=False)
   |                                                                                         ^^
14 |     transaction_id: Mapped[str] = mapped_column(String, index=True, nullable=False)
15 |     risk_score: Mapped[float] = mapped_column(Float, nullable=False)
   |

E501 Line too long (90 > 88)
  --> app\infrastructure\models.py:42:89
   |
40 |     payload: Mapped[dict] = mapped_column(JSON, nullable=False)
41 |     schema_version: Mapped[str] = mapped_column(String, nullable=False)
42 |     occurred_at: Mapped[datetime] = mapped_column(DateTime(timezone=True), nullable=False)
   |                                                                                         ^^
43 |     published_at: Mapped[datetime | None] = mapped_column(
44 |         DateTime(timezone=True), nullable=True
   |

E711 Comparison to `None` should be `cond is None`
  --> app\infrastructure\outbox.py:29:54
   |
27 |         return (
28 |             self.db.query(OutboxEventModel)
29 |             .filter(OutboxEventModel.published_at == None)
   |                                                      ^^^^
30 |             .limit(limit)
31 |             .all()
   |
help: Replace with `cond is None`

Found 22 errors.
[*] 1 fixable with the `--fix` option (2 hidden fixes can be enabled with the `--unsafe-fixes` option).

EXIT_CODE=1