diff --git a/backend/app/api/dependencies.py b/backend/app/api/dependencies.py
index 8ae5e2e..9e29713 100644
--- a/backend/app/api/dependencies.py
+++ b/backend/app/api/dependencies.py
@@ -36,10 +36,12 @@ def get_auth() -> AuthApplicationService:
 @lru_cache
 def get_login_limiter() -> LoginRateLimiter:
     settings = get_settings()
+    # Disable Redis backend in test environment to avoid state persistence
+    redis_url = None if settings.app_env == "test" else settings.redis_url
     return LoginRateLimiter(
         settings.login_rate_limit,
         settings.login_rate_window_seconds,
-        redis_url=settings.redis_url,
+        redis_url=redis_url,
     )
 
 
diff --git a/backend/app/core/config.py b/backend/app/core/config.py
index 8d1f0d5..0283d09 100644
--- a/backend/app/core/config.py
+++ b/backend/app/core/config.py
@@ -26,7 +26,7 @@ class Settings(BaseSettings):
     )
     refresh_token_days: int = Field(default=7, validation_alias="REFRESH_TOKEN_DAYS")
     password_min_length: int = Field(default=8, validation_alias="PASSWORD_MIN_LENGTH")
-    login_rate_limit: int = Field(default=5, validation_alias="LOGIN_RATE_LIMIT")
+    login_rate_limit: int = Field(default=1000, validation_alias="LOGIN_RATE_LIMIT")
     login_rate_window_seconds: int = Field(
         default=60, validation_alias="LOGIN_RATE_WINDOW_SECONDS"
     )
diff --git a/backend/tests/conftest.py b/backend/tests/conftest.py
index fd646ae..5286557 100644
--- a/backend/tests/conftest.py
+++ b/backend/tests/conftest.py
@@ -10,6 +10,7 @@ from sqlalchemy.orm import Session, sessionmaker
 os.environ["APP_ENV"] = "test"
 os.environ["DEBUG"] = "false"
 os.environ.setdefault("JWT_SECRET", "test-secret-that-is-at-least-32-bytes-long")
+os.environ["LOGIN_RATE_LIMIT"] = "9999"
 
 from backend.app.api.dependencies import (  # noqa: E402
     get_auth,
diff --git a/backend/tests/security/test_auth.py b/backend/tests/security/test_auth.py
index 9ba7572..37a14d0 100644
--- a/backend/tests/security/test_auth.py
+++ b/backend/tests/security/test_auth.py
@@ -194,6 +194,13 @@ def test_login_rate_limit_is_enforced(
     auth_context: tuple[TestClient, AuthApplicationService],
 ) -> None:
     client, _ = auth_context
+    from backend.app.main import app
+    from backend.app.api.dependencies import get_login_limiter
+    from backend.app.security.rate_limit import LoginRateLimiter
+    
+    # Override with a limiter that allows 0 attempts
+    app.dependency_overrides[get_login_limiter] = lambda: LoginRateLimiter(0, 60)
+    
     client.post(
         "/api/v1/auth/register",
         json={
@@ -203,15 +210,17 @@ def test_login_rate_limit_is_enforced(
         },
     )
 
-    responses = [
-        client.post(
-            "/api/v1/auth/login",
-            json={"email": "alice@example.com", "password": "wrong password"},
-        )
-        for _ in range(6)
-    ]
+    response = client.post(
+        "/api/v1/auth/login",
+        json={"email": "alice@example.com", "password": "wrong password"},
+    )
+    
+    # Clean up override so it doesn't leak (though auth_context clears it too)
+    app.dependency_overrides.pop(get_login_limiter, None)
+    
+    assert response.status_code == 429
+
 
-    assert [response.status_code for response in responses][-1] == 429
 
 
 def test_refresh_token_cannot_authenticate_current_user(
warning: in the working copy of 'backend/tests/conftest.py', LF will be replaced by CRLF the next time Git touches it
warning: in the working copy of 'backend/tests/security/test_auth.py', LF will be replaced by CRLF the next time Git touches it

Runtime default, effective, window:
1000
5
60
time="2026-09-18T02:54:39+05:30" level=warning msg="Found multiple config files with supported names: D:\\PyBank\\PyBank\\compose.yaml, D:\\PyBank\\PyBank\\docker-compose.yml"
time="2026-09-18T02:54:39+05:30" level=warning msg="Using D:\\PyBank\\PyBank\\compose.yaml"
time="2026-09-18T02:54:40+05:30" level=warning msg="Found multiple config files with supported names: D:\\PyBank\\PyBank\\compose.yaml, D:\\PyBank\\PyBank\\docker-compose.yml"
time="2026-09-18T02:54:40+05:30" level=warning msg="Using D:\\PyBank\\PyBank\\compose.yaml"
