unformatted: File would be reformatted
  --> app\infrastructure\kafka_consumer.py:2:1
   |
1  | import structlog
2  +
3  | logger = structlog.get_logger(__name__)
--------------------------------------------------------------------------------
57 |
   -         assessment = self.rule_engine.evaluate(str(event_id), str(transaction_id), amount)
58 +         assessment = self.rule_engine.evaluate(
59 +             str(event_id), str(transaction_id), amount
60 +         )
61 |
   |

unformatted: File would be reformatted
  --> app\infrastructure\models.py:13:43
   |
12 |     assessment_id: Mapped[str] = mapped_column(String, primary_key=True, index=True)
   -     event_id: Mapped[str] = mapped_column(String, unique=True, index=True, nullable=False)
13 +     event_id: Mapped[str] = mapped_column(
14 +         String, unique=True, index=True, nullable=False
15 +     )
16 |     transaction_id: Mapped[str] = mapped_column(String, index=True, nullable=False)
--------------------------------------------------------------------------------
43 |     schema_version: Mapped[str] = mapped_column(String, nullable=False)
   -     occurred_at: Mapped[datetime] = mapped_column(DateTime(timezone=True), nullable=False)
44 +     occurred_at: Mapped[datetime] = mapped_column(
45 +         DateTime(timezone=True), nullable=False
46 +     )
47 |     published_at: Mapped[datetime | None] = mapped_column(
   |

2 files would be reformatted, 12 files already formatted

EXIT_CODE=1