time="2026-09-18T03:17:46+05:30" level=warning msg="Found multiple config files with supported names: D:\\PyBank\\PyBank\\compose.yaml, D:\\PyBank\\PyBank\\docker-compose.yml"
time="2026-09-18T03:17:46+05:30" level=warning msg="Using D:\\PyBank\\PyBank\\compose.yaml"
 Image pybank-fraud Building 
#1 [internal] load local bake definitions
#1 reading from stdin 517B done
#1 DONE 0.0s

#2 [internal] load build definition from Dockerfile
#2 transferring dockerfile: 30B 0.0s
#2 transferring dockerfile: 559B 0.1s done
#2 DONE 0.2s

#3 [internal] load metadata for docker.io/library/python:3.12-slim
#3 DONE 6.3s

#4 [internal] load .dockerignore
#4 transferring context: 2B 0.1s done
#4 DONE 0.2s

#5 [internal] load build context
#5 transferring context: 2.56kB 0.1s done
#5 DONE 0.3s

#6 [1/7] FROM docker.io/library/python:3.12-slim@sha256:78387bc3881b8273120a12ebe6c1ab22b018ccc2c9adf565ae1ac9b536e184ea
#6 resolve docker.io/library/python:3.12-slim@sha256:78387bc3881b8273120a12ebe6c1ab22b018ccc2c9adf565ae1ac9b536e184ea 0.2s done
#6 DONE 0.3s

#7 [2/7] WORKDIR /app
#7 CACHED

#8 [3/7] RUN apt-get update && apt-get install -y --no-install-recommends     build-essential     librdkafka-dev     libpq-dev     && rm -rf /var/lib/apt/lists/*
#8 CACHED

#9 [4/7] COPY pyproject.toml ./
#9 DONE 0.2s

#10 [5/7] RUN pip install --no-cache-dir .
#10 9.908 Processing /app
#10 9.929   Installing build dependencies: started
#10 15.94   Installing build dependencies: finished with status 'done'
#10 15.94   Getting requirements to build wheel: started
#10 16.74   Getting requirements to build wheel: finished with status 'done'
#10 16.75   Preparing metadata (pyproject.toml): started
#10 17.74   Preparing metadata (pyproject.toml): finished with status 'done'
#10 17.98 Collecting structlog<25.0,>=24.1 (from pybank-fraud==0.1.0)
#10 18.22   Downloading structlog-24.4.0-py3-none-any.whl.metadata (7.3 kB)
#10 19.22 Collecting fastapi<1.0,>=0.115 (from pybank-fraud==0.1.0)
#10 19.25   Downloading fastapi-0.141.1-py3-none-any.whl.metadata (27 kB)
#10 19.72 Collecting alembic<2.0,>=1.14 (from pybank-fraud==0.1.0)
#10 19.75   Downloading alembic-1.20.0-py3-none-any.whl.metadata (7.3 kB)
#10 20.52 Collecting confluent-kafka<3.0,>=2.6 (from pybank-fraud==0.1.0)
#10 20.55   Downloading confluent_kafka-2.15.1-cp312-cp312-manylinux_2_28_x86_64.whl.metadata (33 kB)
#10 21.56 Collecting pydantic-settings<3.0,>=2.6 (from pybank-fraud==0.1.0)
#10 21.61   Downloading pydantic_settings-2.15.0-py3-none-any.whl.metadata (3.9 kB)
#10 21.76 Collecting psycopg<4.0,>=3.2 (from psycopg[binary]<4.0,>=3.2->pybank-fraud==0.1.0)
#10 21.80   Downloading psycopg-3.3.5-py3-none-any.whl.metadata (4.3 kB)
#10 24.80 Collecting sqlalchemy<3.0,>=2.0 (from pybank-fraud==0.1.0)
#10 24.83   Downloading sqlalchemy-2.0.54-cp312-cp312-manylinux2014_x86_64.manylinux_2_17_x86_64.manylinux_2_28_x86_64.whl.metadata (9.7 kB)
#10 25.01 Collecting uvicorn<1.0,>=0.34 (from uvicorn[standard]<1.0,>=0.34->pybank-fraud==0.1.0)
#10 25.04   Downloading uvicorn-0.53.0-py3-none-any.whl.metadata (6.6 kB)
#10 25.10 Collecting Mako (from alembic<2.0,>=1.14->pybank-fraud==0.1.0)
#10 25.12   Downloading mako-1.4.1-py3-none-any.whl.metadata (2.9 kB)
#10 25.20 Collecting typing-extensions>=4.12 (from alembic<2.0,>=1.14->pybank-fraud==0.1.0)
#10 25.22   Downloading typing_extensions-4.16.0-py3-none-any.whl.metadata (3.3 kB)
#10 25.35 Collecting starlette>=0.46.0 (from fastapi<1.0,>=0.115->pybank-fraud==0.1.0)
#10 25.38   Downloading starlette-1.6.0-py3-none-any.whl.metadata (6.4 kB)
#10 25.88 Collecting pydantic>=2.9.0 (from fastapi<1.0,>=0.115->pybank-fraud==0.1.0)
#10 25.91   Downloading pydantic-2.13.5-py3-none-any.whl.metadata (110 kB)
#10 26.08 Collecting typing-inspection>=0.4.2 (from fastapi<1.0,>=0.115->pybank-fraud==0.1.0)
#10 26.11   Downloading typing_inspection-0.4.4-py3-none-any.whl.metadata (2.6 kB)
#10 26.17 Collecting annotated-doc>=0.0.2 (from fastapi<1.0,>=0.115->pybank-fraud==0.1.0)
#10 26.20   Downloading annotated_doc-0.0.5-py3-none-any.whl.metadata (6.5 kB)
#10 26.89 Collecting psycopg-binary==3.3.5 (from psycopg[binary]<4.0,>=3.2->pybank-fraud==0.1.0)
#10 26.92   Downloading psycopg_binary-3.3.5-cp312-cp312-manylinux2014_x86_64.manylinux_2_17_x86_64.whl.metadata (2.7 kB)
#10 27.04 Collecting python-dotenv>=0.21.0 (from pydantic-settings<3.0,>=2.6->pybank-fraud==0.1.0)
#10 27.06   Downloading python_dotenv-1.2.3-py3-none-any.whl.metadata (29 kB)
#10 27.79 Collecting greenlet>=1 (from sqlalchemy<3.0,>=2.0->pybank-fraud==0.1.0)
#10 27.81   Downloading greenlet-3.5.6-cp312-cp312-manylinux_2_24_x86_64.manylinux_2_28_x86_64.whl.metadata (3.8 kB)
#10 27.89 Collecting click>=7.0 (from uvicorn<1.0,>=0.34->uvicorn[standard]<1.0,>=0.34->pybank-fraud==0.1.0)
#10 27.92   Downloading click-8.5.0-py3-none-any.whl.metadata (2.6 kB)
#10 27.97 Collecting h11>=0.8 (from uvicorn<1.0,>=0.34->uvicorn[standard]<1.0,>=0.34->pybank-fraud==0.1.0)
#10 28.00   Downloading h11-0.16.0-py3-none-any.whl.metadata (8.3 kB)
#10 28.34 Collecting httptools>=0.8.0 (from uvicorn[standard]<1.0,>=0.34->pybank-fraud==0.1.0)
#10 28.37   Downloading httptools-0.8.0-cp312-cp312-manylinux1_x86_64.manylinux_2_28_x86_64.manylinux_2_5_x86_64.whl.metadata (3.5 kB)
#10 28.75 Collecting pyyaml>=5.1 (from uvicorn[standard]<1.0,>=0.34->pybank-fraud==0.1.0)
#10 28.78   Downloading pyyaml-6.0.3-cp312-cp312-manylinux2014_x86_64.manylinux_2_17_x86_64.manylinux_2_28_x86_64.whl.metadata (2.4 kB)
#10 28.96 Collecting uvloop>=0.15.1 (from uvicorn[standard]<1.0,>=0.34->pybank-fraud==0.1.0)
#10 28.98   Downloading uvloop-0.22.1-cp312-cp312-manylinux2014_x86_64.manylinux_2_17_x86_64.manylinux_2_28_x86_64.whl.metadata (4.9 kB)
#10 29.26 Collecting watchfiles>=0.20 (from uvicorn[standard]<1.0,>=0.34->pybank-fraud==0.1.0)
#10 29.29   Downloading watchfiles-1.2.0-cp312-cp312-manylinux_2_17_x86_64.manylinux2014_x86_64.whl.metadata (4.9 kB)
#10 29.75 Collecting websockets>=13.0 (from uvicorn[standard]<1.0,>=0.34->pybank-fraud==0.1.0)
#10 29.78   Downloading websockets-17.1-cp312-cp312-manylinux1_x86_64.manylinux_2_28_x86_64.manylinux_2_5_x86_64.whl.metadata (6.3 kB)
#10 29.83 Collecting annotated-types>=0.6.0 (from pydantic>=2.9.0->fastapi<1.0,>=0.115->pybank-fraud==0.1.0)
#10 29.87   Downloading annotated_types-0.8.0-py3-none-any.whl.metadata (15 kB)
#10 32.81 Collecting pydantic-core==2.46.5 (from pydantic>=2.9.0->fastapi<1.0,>=0.115->pybank-fraud==0.1.0)
#10 32.85   Downloading pydantic_core-2.46.5-cp312-cp312-manylinux_2_17_x86_64.manylinux2014_x86_64.whl.metadata (6.6 kB)
#10 33.04 Collecting anyio<5,>=3.6.2 (from starlette>=0.46.0->fastapi<1.0,>=0.115->pybank-fraud==0.1.0)
#10 33.07   Downloading anyio-4.15.1-py3-none-any.whl.metadata (4.7 kB)
#10 33.48 Collecting MarkupSafe>=2.0 (from Mako->alembic<2.0,>=1.14->pybank-fraud==0.1.0)
#10 33.50   Downloading markupsafe-3.0.3-cp312-cp312-manylinux2014_x86_64.manylinux_2_17_x86_64.manylinux_2_28_x86_64.whl.metadata (2.7 kB)
#10 33.59 Collecting idna>=2.8 (from anyio<5,>=3.6.2->starlette>=0.46.0->fastapi<1.0,>=0.115->pybank-fraud==0.1.0)
#10 33.61   Downloading idna-3.20-py3-none-any.whl.metadata (7.2 kB)
#10 33.67 Downloading alembic-1.20.0-py3-none-any.whl (268 kB)
#10 33.85 Downloading confluent_kafka-2.15.1-cp312-cp312-manylinux_2_28_x86_64.whl (4.8 MB)
#10 36.97    ━━━━━━━━━━━━━━━━━━━━━━━━━━━━━━━━━━━━━━━━ 4.8/4.8 MB 1.5 MB/s eta 0:00:00
#10 36.99 Downloading fastapi-0.141.1-py3-none-any.whl (131 kB)
#10 37.08 Downloading psycopg-3.3.5-py3-none-any.whl (213 kB)
#10 37.26 Downloading psycopg_binary-3.3.5-cp312-cp312-manylinux2014_x86_64.manylinux_2_17_x86_64.whl (5.2 MB)
#10 40.68    ━━━━━━━━━━━━━━━━━━━━━━━━━━━━━━━━━━━━━━━━ 5.2/5.2 MB 1.6 MB/s eta 0:00:00
#10 40.72 Downloading pydantic_settings-2.15.0-py3-none-any.whl (69 kB)
#10 40.79 Downloading sqlalchemy-2.0.54-cp312-cp312-manylinux2014_x86_64.manylinux_2_17_x86_64.manylinux_2_28_x86_64.whl (3.5 MB)
#10 42.53    ━━━━━━━━━━━━━━━━━━━━━━━━━━━━━━━━━━━━━━━━ 3.5/3.5 MB 2.0 MB/s eta 0:00:00
#10 42.57 Downloading structlog-24.4.0-py3-none-any.whl (67 kB)
#10 42.64 Downloading uvicorn-0.53.0-py3-none-any.whl (87 kB)
#10 42.72 Downloading annotated_doc-0.0.5-py3-none-any.whl (5.3 kB)
#10 42.77 Downloading click-8.5.0-py3-none-any.whl (125 kB)
#10 42.86 Downloading greenlet-3.5.6-cp312-cp312-manylinux_2_24_x86_64.manylinux_2_28_x86_64.whl (621 kB)
#10 43.15    ━━━━━━━━━━━━━━━━━━━━━━━━━━━━━━━━━━━━━━━━ 621.4/621.4 kB 2.5 MB/s eta 0:00:00
#10 43.19 Downloading h11-0.16.0-py3-none-any.whl (37 kB)
#10 43.23 Downloading httptools-0.8.0-cp312-cp312-manylinux1_x86_64.manylinux_2_28_x86_64.manylinux_2_5_x86_64.whl (523 kB)
#10 43.54 Downloading pydantic-2.13.5-py3-none-any.whl (472 kB)
#10 43.74 Downloading pydantic_core-2.46.5-cp312-cp312-manylinux_2_17_x86_64.manylinux2014_x86_64.whl (2.1 MB)
#10 44.63    ━━━━━━━━━━━━━━━━━━━━━━━━━━━━━━━━━━━━━━━━ 2.1/2.1 MB 2.3 MB/s eta 0:00:00
#10 44.65 Downloading python_dotenv-1.2.3-py3-none-any.whl (22 kB)
#10 44.69 Downloading pyyaml-6.0.3-cp312-cp312-manylinux2014_x86_64.manylinux_2_17_x86_64.manylinux_2_28_x86_64.whl (807 kB)
#10 45.03    ━━━━━━━━━━━━━━━━━━━━━━━━━━━━━━━━━━━━━━━━ 807.9/807.9 kB 2.7 MB/s eta 0:00:00
#10 45.06 Downloading starlette-1.6.0-py3-none-any.whl (75 kB)
#10 45.13 Downloading typing_extensions-4.16.0-py3-none-any.whl (45 kB)
#10 45.19 Downloading typing_inspection-0.4.4-py3-none-any.whl (14 kB)
#10 45.24 Downloading uvloop-0.22.1-cp312-cp312-manylinux2014_x86_64.manylinux_2_17_x86_64.manylinux_2_28_x86_64.whl (4.4 MB)
#10 46.80    ━━━━━━━━━━━━━━━━━━━━━━━━━━━━━━━━━━━━━━━━ 4.4/4.4 MB 3.0 MB/s eta 0:00:00
#10 46.82 Downloading watchfiles-1.2.0-cp312-cp312-manylinux_2_17_x86_64.manylinux2014_x86_64.whl (456 kB)
#10 47.04 Downloading websockets-17.1-cp312-cp312-manylinux1_x86_64.manylinux_2_28_x86_64.manylinux_2_5_x86_64.whl (224 kB)
#10 47.13 Downloading mako-1.4.1-py3-none-any.whl (80 kB)
#10 47.19 Downloading annotated_types-0.8.0-py3-none-any.whl (13 kB)
#10 47.22 Downloading anyio-4.15.1-py3-none-any.whl (132 kB)
#10 47.29 Downloading markupsafe-3.0.3-cp312-cp312-manylinux2014_x86_64.manylinux_2_17_x86_64.manylinux_2_28_x86_64.whl (22 kB)
#10 47.32 Downloading idna-3.20-py3-none-any.whl (69 kB)
#10 47.63 Building wheels for collected packages: pybank-fraud
#10 47.64   Building wheel for pybank-fraud (pyproject.toml): started
#10 48.77   Building wheel for pybank-fraud (pyproject.toml): finished with status 'done'
#10 48.77   Created wheel for pybank-fraud: filename=pybank_fraud-0.1.0-py3-none-any.whl size=1250 sha256=c634cd6272fc515695c8437a8860f4b6402bd6993ebef18b5abd89a8bb46efdd
#10 48.77   Stored in directory: /tmp/pip-ephem-wheel-cache-m2vh6cn6/wheels/54/1b/b7/aa63e25c8f14f4f2ae7b04e6097bdecb770e455c5c1ee0a600
#10 48.78 Successfully built pybank-fraud
#10 48.95 Installing collected packages: websockets, uvloop, typing-extensions, structlog, pyyaml, python-dotenv, psycopg-binary, MarkupSafe, idna, httptools, h11, greenlet, confluent-kafka, click, annotated-types, annotated-doc, uvicorn, typing-inspection, sqlalchemy, pydantic-core, psycopg, Mako, anyio, watchfiles, starlette, pydantic, alembic, pydantic-settings, fastapi, pybank-fraud
#10 71.77 Successfully installed Mako-1.4.1 MarkupSafe-3.0.3 alembic-1.20.0 annotated-doc-0.0.5 annotated-types-0.8.0 anyio-4.15.1 click-8.5.0 confluent-kafka-2.15.1 fastapi-0.141.1 greenlet-3.5.6 h11-0.16.0 httptools-0.8.0 idna-3.20 psycopg-3.3.5 psycopg-binary-3.3.5 pybank-fraud-0.1.0 pydantic-2.13.5 pydantic-core-2.46.5 pydantic-settings-2.15.0 python-dotenv-1.2.3 pyyaml-6.0.3 sqlalchemy-2.0.54 starlette-1.6.0 structlog-24.4.0 typing-extensions-4.16.0 typing-inspection-0.4.4 uvicorn-0.53.0 uvloop-0.22.1 watchfiles-1.2.0 websockets-17.1
#10 71.77 WARNING: Running pip as the 'root' user can result in broken permissions and conflicting behaviour with the system package manager, possibly rendering your system unusable. It is recommended to use a virtual environment instead: https://pip.pypa.io/warnings/venv. Use the --root-user-action option if you know what you are doing and want to suppress this warning.
#10 73.02 
#10 73.02 [notice] A new release of pip is available: 25.0.1 -> 26.2.1
#10 73.02 [notice] To update, run: pip install --upgrade pip
#10 DONE 74.4s

#11 [6/7] COPY app ./app
#11 DONE 0.6s

#12 [7/7] COPY tests ./tests
#12 DONE 0.2s

#13 exporting to image
#13 exporting layers
#13 exporting layers 25.0s done
#13 exporting manifest sha256:f8a326d87ec9b705f8468792fc222bb64df646afa1dc3412f44031ae260289fb 0.0s done
#13 exporting config sha256:7ec0e35b058ce1f49b8f9fed88a3b4d73689a78780193a3454cf11e45f818b5a 0.0s done
#13 exporting attestation manifest sha256:46a17ff60742663e907763ddebc76f6565e655a764aa2a2499ca865458b187c3
#13 exporting attestation manifest sha256:46a17ff60742663e907763ddebc76f6565e655a764aa2a2499ca865458b187c3 0.0s done
#13 exporting manifest list sha256:ce4a29fb306940e8197d260a5d6c643b97d73ad0a69db39b645e481d29c3d669 0.0s done
#13 naming to docker.io/library/pybank-fraud:latest done
#13 unpacking to docker.io/library/pybank-fraud:latest
#13 unpacking to docker.io/library/pybank-fraud:latest 6.0s done
#13 DONE 31.4s

#14 resolving provenance for metadata file
#14 DONE 0.1s
 Image pybank-fraud Built 
 Container pybank-fraud-1 Recreate 
 Container pybank-fraud-1 Recreated 
 Container pybank-fraud-1 Starting 
 Container pybank-fraud-1 Started 
EXIT_CODE=0 
