fraud-1  | Traceback (most recent call last):
fraud-1  |   File "/usr/local/bin/uvicorn", line 8, in <module>
fraud-1  |     sys.exit(main())
fraud-1  |              ^^^^^^
fraud-1  |   File "/usr/local/lib/python3.12/site-packages/click/core.py", line 1631, in __call__
fraud-1  |     return self.main(*args, **kwargs)
fraud-1  |            ^^^^^^^^^^^^^^^^^^^^^^^^^^
fraud-1  |   File "/usr/local/lib/python3.12/site-packages/click/core.py", line 1552, in main
fraud-1  |     rv = self.invoke(ctx)
fraud-1  |          ^^^^^^^^^^^^^^^^
fraud-1  |   File "/usr/local/lib/python3.12/site-packages/click/core.py", line 1415, in invoke
fraud-1  |     return ctx.invoke(self.callback, **ctx.params)
fraud-1  |            ^^^^^^^^^^^^^^^^^^^^^^^^^^^^^^^^^^^^^^^
fraud-1  |   File "/usr/local/lib/python3.12/site-packages/click/core.py", line 910, in invoke
fraud-1  |     return callback(*args, **kwargs)
fraud-1  |            ^^^^^^^^^^^^^^^^^^^^^^^^^
fraud-1  |   File "/usr/local/lib/python3.12/site-packages/uvicorn/main.py", line 448, in main
fraud-1  |     run(
fraud-1  |   File "/usr/local/lib/python3.12/site-packages/uvicorn/main.py", line 620, in run
fraud-1  |     config.load_app()
fraud-1  |   File "/usr/local/lib/python3.12/site-packages/uvicorn/config.py", line 434, in load_app
fraud-1  |     return import_from_string(self.app)
fraud-1  |            ^^^^^^^^^^^^^^^^^^^^^^^^^^^^
fraud-1  |   File "/usr/local/lib/python3.12/site-packages/uvicorn/importer.py", line 19, in import_from_string
fraud-1  |     module = importlib.import_module(module_str)
fraud-1  |              ^^^^^^^^^^^^^^^^^^^^^^^^^^^^^^^^^^^
fraud-1  |   File "/usr/local/lib/python3.12/importlib/__init__.py", line 90, in import_module
fraud-1  |     return _bootstrap._gcd_import(name[level:], package, level)
fraud-1  |            ^^^^^^^^^^^^^^^^^^^^^^^^^^^^^^^^^^^^^^^^^^^^^^^^^^^^
fraud-1  |   File "<frozen importlib._bootstrap>", line 1387, in _gcd_import
fraud-1  |   File "<frozen importlib._bootstrap>", line 1360, in _find_and_load
fraud-1  |   File "<frozen importlib._bootstrap>", line 1331, in _find_and_load_unlocked
fraud-1  |   File "<frozen importlib._bootstrap>", line 935, in _load_unlocked
fraud-1  |   File "<frozen importlib._bootstrap_external>", line 999, in exec_module
fraud-1  |   File "<frozen importlib._bootstrap>", line 488, in _call_with_frames_removed
fraud-1  |   File "/app/app/main.py", line 9, in <module>
fraud-1  |     from .infrastructure.kafka_consumer import FraudConsumerThread
fraud-1  |   File "/app/app/infrastructure/kafka_consumer.py", line 16, in <module>
fraud-1  |     logger = logging.getLogger(__name__)
fraud-1  |              ^^^^^^^
fraud-1  | NameError: name 'logging' is not defined. Did you forget to import 'logging'?
time="2026-09-18T03:28:41+05:30" level=warning msg="Found multiple config files with supported names: D:\\PyBank\\PyBank\\compose.yaml, D:\\PyBank\\PyBank\\docker-compose.yml"
time="2026-09-18T03:28:41+05:30" level=warning msg="Using D:\\PyBank\\PyBank\\compose.yaml"

EXIT_CODE=0